2026-07-16T11:29:27+08:00
      00:00  0.0  0.0  7516
0 %, 1 MiB
{"step": 16100, "elapsed_seconds": 3599.21689376235, "train_nll": 4.014986872673035, "train_ppl": 55.42256784754906, "validation_nll": 4.1033154129981995, "validation_ppl": 60.54067256709202, "learning_rate": 0.00024103073700404635, "tokens_per_second": 146577.66274499882}
2026-07-16T11:30:57+08:00
      01:30  255  1.7 13655784
36 %, 4463 MiB
{"step": 16300, "elapsed_seconds": 44.4749973192811, "train_nll": 3.9702831506729126, "train_ppl": 52.99953556943679, "validation_nll": 4.085165411233902, "validation_ppl": 59.451770928749426, "learning_rate": 0.0002359982011659227, "tokens_per_second": 144407.60847928512}
2026-07-16T11:32:27+08:00
      03:00  177  1.7 13655784
45 %, 4463 MiB
{"step": 16700, "elapsed_seconds": 132.8471408188343, "train_nll": 3.7009472846984863, "train_ppl": 40.4856376259743, "validation_nll": 4.084021121263504, "validation_ppl": 59.38377977177173, "learning_rate": 0.00022597147275933263, "tokens_per_second": 147009.0201386644}
2026-07-16T11:33:57+08:00
      04:30  151  1.7 14002296
50 %, 4465 MiB
{"step": 17100, "elapsed_seconds": 222.8920022174716, "train_nll": 3.489051580429077, "train_ppl": 32.754867612590296, "validation_nll": 4.079167425632477, "validation_ppl": 59.096247341272964, "learning_rate": 0.00021601101820052773, "tokens_per_second": 146424.85004085858}
2026-07-16T11:35:27+08:00
      06:01  138  1.7 14035020
49 %, 4465 MiB
{"step": 17500, "elapsed_seconds": 311.5576626509428, "train_nll": 4.343839168548584, "train_ppl": 77.00259853935312, "validation_nll": 4.017351403832436, "validation_ppl": 55.553771292345374, "learning_rate": 0.00020613490878061022, "tokens_per_second": 146823.95422657268}
2026-07-16T11:36:57+08:00
      07:31  130  1.7 14035020
49 %, 4465 MiB
{"step": 17900, "elapsed_seconds": 400.93858809769154, "train_nll": 3.616690993309021, "train_ppl": 37.214221749343935, "validation_nll": 4.064761087298393, "validation_ppl": 58.250989958575055, "learning_rate": 0.0001963610627629717, "tokens_per_second": 146783.8959558077}
2026-07-16T11:38:27+08:00
      09:01  125  1.7 14075648
49 %, 4465 MiB
{"step": 18300, "elapsed_seconds": 491.2549727037549, "train_nll": 3.756102442741394, "train_ppl": 42.78135781969548, "validation_nll": 4.074808940291405, "validation_ppl": 58.83923770674053, "learning_rate": 0.00018670721287411876, "tokens_per_second": 146478.98138100616}
2026-07-16T11:39:57+08:00
      10:31  122  1.7 14075648
42 %, 4465 MiB
{"step": 18700, "elapsed_seconds": 580.0061816498637, "train_nll": 3.628296375274658, "train_ppl": 37.64862282692059, "validation_nll": 4.022352933883667, "validation_ppl": 55.83232115601303, "learning_rate": 0.00017719087413111903, "tokens_per_second": 146663.4851339433}
2026-07-16T11:41:27+08:00
      12:01  119  1.7 14002068
50 %, 4465 MiB
{"step": 19100, "elapsed_seconds": 670.2577056959271, "train_nll": 4.353314399719238, "train_ppl": 77.73568355154386, "validation_nll": 4.017349973320961, "validation_ppl": 55.553691822094926, "learning_rate": 0.0001678293120640381, "tokens_per_second": 146470.42050500153}
2026-07-16T11:42:57+08:00
      13:31  117  1.7 14034536
37 %, 4465 MiB
{"step": 19500, "elapsed_seconds": 762.6653578728437, "train_nll": 4.1430569887161255, "train_ppl": 62.995102716803515, "validation_nll": 4.019019246101379, "validation_ppl": 55.646503530182876, "learning_rate": 0.00015863951139102187, "tokens_per_second": 145909.5091330388}
2026-07-16T11:44:27+08:00
      15:01  115  1.7 14034536
45 %, 4465 MiB
{"step": 19900, "elapsed_seconds": 850.5428770184517, "train_nll": 3.6637120246887207, "train_ppl": 39.005865204793366, "validation_nll": 4.0271367728710175, "validation_ppl": 56.100053875232646, "learning_rate": 0.00014963814520285672, "tokens_per_second": 146244.62959002776}
2026-07-16T11:45:58+08:00
      16:31  114  1.7 14034536
35 %, 4465 MiB
{"step": 20300, "elapsed_seconds": 939.5736184343696, "train_nll": 3.551340341567993, "train_ppl": 34.860010509459066, "validation_nll": 3.986033007502556, "validation_ppl": 53.84087879259381, "learning_rate": 0.00014084154471291678, "tokens_per_second": 146337.1526215369}
2026-07-16T11:47:28+08:00
      18:01  112  1.7 14034536
36 %, 4465 MiB
{"step": 20700, "elapsed_seconds": 1027.5920921340585, "train_nll": 3.3656634092330933, "train_ppl": 28.952698416699178, "validation_nll": 3.9876457154750824, "validation_ppl": 53.92777846012954, "learning_rate": 0.00013226566962738082, "tokens_per_second": 146557.88921773122}
2026-07-16T11:48:58+08:00
      19:31  111  1.7 14083988
42 %, 4465 MiB
{"step": 21100, "elapsed_seconds": 1117.906284302473, "train_nll": 3.624353289604187, "train_ppl": 37.5004633764062, "validation_nll": 3.9666475355625153, "validation_ppl": 52.80719949889196, "learning_rate": 0.00012392607918947516, "tokens_per_second": 146442.44360979466}
2026-07-16T11:50:28+08:00
      21:02  110  1.7 14083852
44 %, 4465 MiB
{"step": 21500, "elapsed_seconds": 1207.9479585513473, "train_nll": 3.5669604539871216, "train_ppl": 35.40880273248098, "validation_nll": 3.9673543125391006, "validation_ppl": 52.84453560429135, "learning_rate": 0.00011583790395027944, "tokens_per_second": 146377.2729183216}
2026-07-16T11:51:58+08:00
      22:32  110  1.7 14083852
31 %, 4465 MiB
{"step": 21900, "elapsed_seconds": 1297.216597393155, "train_nll": 3.9956603050231934, "train_ppl": 54.36172409498034, "validation_nll": 3.9766384214162827, "validation_ppl": 53.33743454970934, "learning_rate": 0.00010801581831730875, "tokens_per_second": 146408.33950295104}
2026-07-16T11:53:28+08:00
      24:02  109  1.7 14181776
37 %, 4465 MiB
{"step": 22300, "elapsed_seconds": 1388.6341266408563, "train_nll": 3.5806115865707397, "train_ppl": 35.895487333293765, "validation_nll": 3.9791910648345947, "validation_ppl": 53.4737599219699, "learning_rate": 0.00010047401393068023, "tokens_per_second": 146208.7990672794}
2026-07-16T11:54:58+08:00
      25:32  109  1.7 14181776
50 %, 4465 MiB
{"step": 22700, "elapsed_seconds": 1478.9987084940076, "train_nll": 3.390122652053833, "train_ppl": 29.669591083493113, "validation_nll": 3.949685737490654, "validation_ppl": 51.91904806044991, "learning_rate": 9.322617391516499e-05, "tokens_per_second": 146137.87473829678}
2026-07-16T11:56:28+08:00
      27:02  108  1.7 14181776
49 %, 4465 MiB
{"step": 23100, "elapsed_seconds": 1570.5332060158253, "train_nll": 3.1994305849075317, "train_ppl": 24.518564980538557, "validation_nll": 3.962205544114113, "validation_ppl": 52.573150576799456, "learning_rate": 8.628544805484273e-05, "tokens_per_second": 145966.30438751134}
2026-07-16T11:57:58+08:00
      28:32  108  1.7 14182160
44 %, 4465 MiB
{"step": 23500, "elapsed_seconds": 1660.6551733985543, "train_nll": 3.605860471725464, "train_ppl": 36.81334707691727, "validation_nll": 3.949823886156082, "validation_ppl": 51.926221103111494, "learning_rate": 7.966442893539724e-05, "tokens_per_second": 145937.65875189065}
2026-07-16T11:59:28+08:00
      30:02  107  1.7 14182160
47 %, 4465 MiB
{"step": 23900, "elapsed_seconds": 1750.9812116771936, "train_nll": 3.5997772216796875, "train_ppl": 36.590082058603265, "validation_nll": 3.9270462691783905, "validation_ppl": 50.756834011360844, "learning_rate": 7.33751290973402e-05, "tokens_per_second": 145894.95666564343}
monitor stopped: continuation process exited
