2026-07-16T10:32:44+08:00
      10:54  257  3.2 25674356
54 %, 4465 MiB
{"step": 1000, "elapsed_seconds": 227.1210561618209, "train_nll": 5.042987823486328, "train_ppl": 154.93223433571748, "validation_nll": 5.437862992286682, "validation_ppl": 229.950252554396, "learning_rate": 0.0004996633902232309, "tokens_per_second": 144275.48266001904}
2026-07-16T10:34:15+08:00
      12:24  238  3.2 25674356
53 %, 4465 MiB
{"step": 1400, "elapsed_seconds": 316.42085211724043, "train_nll": 5.167072296142578, "train_ppl": 175.40056412317568, "validation_nll": 5.198857307434082, "validation_ppl": 181.06522173466723, "learning_rate": 0.0004989099614388639, "tokens_per_second": 144981.59553341413}
2026-07-16T10:35:45+08:00
      13:54  223  3.2 25674356
45 %, 4465 MiB
{"step": 1800, "elapsed_seconds": 404.48282653838396, "train_nll": 5.133401155471802, "train_ppl": 169.59295023305722, "validation_nll": 5.143306255340576, "validation_ppl": 171.281132345954, "learning_rate": 0.0004977276131501306, "tokens_per_second": 145821.76579603876}
2026-07-16T10:37:15+08:00
      15:24  211  3.2 25674356
49 %, 4465 MiB
{"step": 2200, "elapsed_seconds": 495.97213719040155, "train_nll": 5.02915096282959, "train_ppl": 152.80322198961701, "validation_nll": 5.061885833740234, "validation_ppl": 157.88798623743145, "learning_rate": 0.0004961184904960891, "tokens_per_second": 145350.10052858092}
2026-07-16T10:38:45+08:00
      16:54  201  3.2 25674356
49 %, 4465 MiB
{"step": 2600, "elapsed_seconds": 584.836747713387, "train_nll": 4.741035461425781, "train_ppl": 114.55275525002023, "validation_nll": 5.0312840938568115, "validation_ppl": 153.1295191771021, "learning_rate": 0.0004940855129141734, "tokens_per_second": 145676.20850280888}
2026-07-16T10:40:15+08:00
      18:25  192  3.2 25674356
49 %, 4465 MiB
{"step": 3000, "elapsed_seconds": 672.6387411504984, "train_nll": 4.882890224456787, "train_ppl": 132.01165636152663, "validation_nll": 4.9052223563194275, "validation_ppl": 134.9929231994268, "learning_rate": 0.0004916323688434475, "tokens_per_second": 146146.80063158175}
2026-07-16T10:41:45+08:00
      19:55  185  3.2 25674356
36 %, 4465 MiB
{"step": 3400, "elapsed_seconds": 761.7176567986608, "train_nll": 5.016484260559082, "train_ppl": 150.87991575978677, "validation_nll": 4.901907533407211, "validation_ppl": 134.54618640037074, "learning_rate": 0.0004887635090326554, "tokens_per_second": 146263.1186314334}
2026-07-16T10:43:15+08:00
      21:25  179  3.2 25674356
49 %, 4465 MiB
{"step": 3800, "elapsed_seconds": 850.4251480847597, "train_nll": 4.6412858963012695, "train_ppl": 103.67758052036754, "validation_nll": 4.827027380466461, "validation_ppl": 124.83930877080874, "learning_rate": 0.0004854841384652106, "tokens_per_second": 146419.0002852427}
2026-07-16T10:44:45+08:00
      22:55  174  3.2 25674356
45 %, 4465 MiB
{"step": 4200, "elapsed_seconds": 939.2009471282363, "train_nll": 4.666335105895996, "train_ppl": 106.30742218336982, "validation_nll": 4.743394315242767, "validation_ppl": 114.82328740144597, "learning_rate": 0.0004818002069157755, "tokens_per_second": 146534.77556726625}
2026-07-16T10:46:15+08:00
      24:25  170  3.2 25674356
50 %, 4465 MiB
{"step": 4600, "elapsed_seconds": 1028.3749907687306, "train_nll": 3.574376106262207, "train_ppl": 35.67235811075931, "validation_nll": 4.760160654783249, "validation_ppl": 116.7646831970949, "learning_rate": 0.00047771839815556106, "tokens_per_second": 146573.77061194793}
2026-07-16T10:47:45+08:00
      25:55  166  3.2 25674356
42 %, 4465 MiB
{"step": 5000, "elapsed_seconds": 1117.1703238040209, "train_nll": 4.7478251457214355, "train_ppl": 115.333178709707, "validation_nll": 4.643389016389847, "validation_ppl": 103.89585637240474, "learning_rate": 0.0004732461178259358, "tokens_per_second": 146656.2407799346}
2026-07-16T10:49:15+08:00
      27:25  162  3.2 25674356
34 %, 4465 MiB
{"step": 5400, "elapsed_seconds": 1207.949034973979, "train_nll": 4.255807876586914, "train_ppl": 70.51376059995496, "validation_nll": 4.666300520300865, "validation_ppl": 106.30374554148656, "learning_rate": 0.00046839148000234177, "tokens_per_second": 146485.6503683632}
2026-07-16T10:50:45+08:00
      28:55  159  3.2 25674356
49 %, 4465 MiB
{"step": 5800, "elapsed_seconds": 1296.8578256815672, "train_nll": 4.357657432556152, "train_ppl": 78.07402636296175, "validation_nll": 4.563946083188057, "validation_ppl": 95.96140536527231, "learning_rate": 0.0004631632924728963, "tokens_per_second": 146549.91182253644}
2026-07-16T10:52:15+08:00
      30:25  156  3.2 25674356
49 %, 4465 MiB
{"step": 6200, "elapsed_seconds": 1388.316677995026, "train_nll": 4.919058799743652, "train_ppl": 136.87372695520912, "validation_nll": 4.56232276558876, "validation_ppl": 95.80575589553152, "learning_rate": 0.000457571040758388, "tokens_per_second": 146336.64150271617}
2026-07-16T10:53:46+08:00
      31:55  153  3.2 25674356
49 %, 4465 MiB
{"step": 6600, "elapsed_seconds": 1477.7861724570394, "train_nll": 4.985642433166504, "train_ppl": 146.29753122887436, "validation_nll": 4.543876767158508, "validation_ppl": 94.0547225018094, "learning_rate": 0.0004516248709026598, "tokens_per_second": 146346.47693341246}
2026-07-16T10:55:16+08:00
      33:25  151  3.2 25674356
43 %, 4465 MiB
{"step": 7000, "elapsed_seconds": 1565.8938272371888, "train_nll": 4.089957237243652, "train_ppl": 59.73733711633302, "validation_nll": 4.464675113558769, "validation_ppl": 86.89279466260983, "learning_rate": 0.0004453355710646027, "tokens_per_second": 146482.47282812488}
2026-07-16T10:56:46+08:00
      34:55  149  3.2 25674356
44 %, 4465 MiB
{"step": 7400, "elapsed_seconds": 1657.133351355791, "train_nll": 4.427521228790283, "train_ppl": 83.7236277677064, "validation_nll": 4.427175730466843, "validation_ppl": 83.69470639111155, "learning_rate": 0.0004387145519451573, "tokens_per_second": 146326.90833336452}
2026-07-16T10:58:16+08:00
      36:25  147  3.2 25674356
49 %, 4465 MiB
{"step": 7800, "elapsed_seconds": 1746.4000165537, "train_nll": 4.582442760467529, "train_ppl": 97.75288968931251, "validation_nll": 4.45254410803318, "validation_ppl": 85.84506554302632, "learning_rate": 0.000431773826084835, "tokens_per_second": 146352.7242197211}
2026-07-16T10:59:46+08:00
      37:56  145  3.2 25674356
48 %, 4465 MiB
{"step": 8200, "elapsed_seconds": 1835.0629919171333, "train_nll": 4.111898422241211, "train_ppl": 61.06253006951557, "validation_nll": 4.445057719945908, "validation_ppl": 85.20479571159103, "learning_rate": 0.0004245259860693198, "tokens_per_second": 146424.18335693495}
2026-07-16T11:01:16+08:00
      39:26  143  3.2 25674356
45 %, 4465 MiB
{"step": 8600, "elapsed_seconds": 1923.793997630477, "train_nll": 4.072040557861328, "train_ppl": 58.676573457186755, "validation_nll": 4.3666024804115295, "validation_ppl": 78.77553510213167, "learning_rate": 0.0004169841816826912, "tokens_per_second": 146483.87527307856}
2026-07-16T11:02:46+08:00
      40:56  141  3.2 25674356
47 %, 4465 MiB
{"step": 9000, "elapsed_seconds": 2017.075736656785, "train_nll": 3.87298321723938, "train_ppl": 48.08562217944344, "validation_nll": 4.348406687378883, "validation_ppl": 77.35511380536705, "learning_rate": 0.0004091620960497206, "tokens_per_second": 146207.6979265061}
2026-07-16T11:04:16+08:00
      42:26  140  3.2 25674356
48 %, 4465 MiB
{"step": 9400, "elapsed_seconds": 2106.106836669147, "train_nll": 4.555232524871826, "train_ppl": 95.12887249295551, "validation_nll": 4.323111310601234, "validation_ppl": 75.42292776853641, "learning_rate": 0.00040107392081052483, "tokens_per_second": 146250.51048556442}
2026-07-16T11:05:46+08:00
      43:56  138  3.2 25674272
36 %, 4465 MiB
{"step": 9800, "elapsed_seconds": 2195.5478529781103, "train_nll": 4.021380305290222, "train_ppl": 55.77804344432441, "validation_nll": 4.322812408208847, "validation_ppl": 75.40038704389161, "learning_rate": 0.0003927343303726192, "tokens_per_second": 146262.53741835506}
2026-07-16T11:07:16+08:00
      45:26  137  3.2 25674260
48 %, 4465 MiB
{"step": 10200, "elapsed_seconds": 2286.395232990384, "train_nll": 3.799020767211914, "train_ppl": 44.65743305269738, "validation_nll": 4.295711025595665, "validation_ppl": 73.38437406769717, "learning_rate": 0.0003841584552870832, "tokens_per_second": 146183.64978081884}
2026-07-16T11:08:46+08:00
      46:56  136  3.2 25674260
48 %, 4465 MiB
{"step": 10600, "elapsed_seconds": 2374.76828610152, "train_nll": 4.2779552936553955, "train_ppl": 72.09288043071666, "validation_nll": 4.214805826544762, "validation_ppl": 67.6810227369104, "learning_rate": 0.0003753618547971434, "tokens_per_second": 146263.02786374307}
2026-07-16T11:10:17+08:00
      48:26  135  3.2 25674256
53 %, 4465 MiB
{"step": 11000, "elapsed_seconds": 2462.631746314466, "train_nll": 4.8219780921936035, "train_ppl": 124.21054784649219, "validation_nll": 4.26663713157177, "validation_ppl": 71.28152173085212, "learning_rate": 0.0003663604886089782, "tokens_per_second": 146366.99154854985}
2026-07-16T11:11:47+08:00
      49:56  134  3.2 25674256
48 %, 4465 MiB
{"step": 11400, "elapsed_seconds": 2551.7343441024423, "train_nll": 4.290000915527344, "train_ppl": 72.96653530246047, "validation_nll": 4.265988826751709, "validation_ppl": 71.23532455327724, "learning_rate": 0.0003571706879359619, "tokens_per_second": 146392.66852498153}
2026-07-16T11:13:17+08:00
      51:26  133  3.2 25674256
38 %, 4465 MiB
{"step": 11900, "elapsed_seconds": 2662.852755524218, "train_nll": 3.967926263809204, "train_ppl": 52.87476874866674, "validation_nll": 4.253611043095589, "validation_ppl": 70.35902363697203, "learning_rate": 0.0003454438816215635, "tokens_per_second": 146436.6361193093}
2026-07-16T11:14:47+08:00
      52:56  132  3.2 25674256
45 %, 4465 MiB
{"step": 12300, "elapsed_seconds": 2752.977831199765, "train_nll": 3.595391035079956, "train_ppl": 36.42994258853223, "validation_nll": 4.237349689006805, "validation_ppl": 69.2241429963284, "learning_rate": 0.00033589153616405, "tokens_per_second": 146403.79425952362}
2026-07-16T11:16:17+08:00
      54:27  131  3.2 25674256
32 %, 4465 MiB
{"step": 12700, "elapsed_seconds": 2841.0875935703516, "train_nll": 3.846092104911804, "train_ppl": 46.80977763429597, "validation_nll": 4.223373904824257, "validation_ppl": 68.26341044665175, "learning_rate": 0.00032620603615955994, "tokens_per_second": 146476.86362849028}
2026-07-16T11:17:47+08:00
      55:57  130  3.2 25674256
42 %, 4465 MiB
{"step": 13100, "elapsed_seconds": 2931.961481809616, "train_nll": 3.560728907585144, "train_ppl": 35.18883720970715, "validation_nll": 4.197355568408966, "validation_ppl": 66.51021656440402, "learning_rate": 0.0003164049540480876, "tokens_per_second": 146407.3804049632}
2026-07-16T11:19:17+08:00
      57:27  129  3.2 25674256
48 %, 4465 MiB
{"step": 13500, "elapsed_seconds": 3019.7892895042896, "train_nll": 3.615697741508484, "train_ppl": 37.17727700733889, "validation_nll": 4.1740163415670395, "validation_ppl": 64.97589412969263, "learning_rate": 0.00030650607197068967, "tokens_per_second": 146489.69103159395}
2026-07-16T11:20:47+08:00
      58:57  128  3.2 25674256
45 %, 4465 MiB
{"step": 13900, "elapsed_seconds": 3108.3577914088964, "train_nll": 4.028074502944946, "train_ppl": 56.15268525605807, "validation_nll": 4.123439967632294, "validation_ppl": 61.77136871015933, "learning_rate": 0.0002965273495072779, "tokens_per_second": 146532.42340983887}
2026-07-16T11:22:17+08:00
   01:00:27  128  3.2 25674256
53 %, 4465 MiB
{"step": 14300, "elapsed_seconds": 3197.4122103080153, "train_nll": 4.0976890325546265, "train_ppl": 60.20100415881382, "validation_nll": 4.106664299964905, "validation_ppl": 60.743756298839344, "learning_rate": 0.0002864868910924845, "tokens_per_second": 146550.51309598275}
2026-07-16T11:23:47+08:00
   01:01:57  127  3.2 25674256
41 %, 4465 MiB
{"step": 14700, "elapsed_seconds": 3286.6683575958014, "train_nll": 4.453230857849121, "train_ppl": 85.90403987397508, "validation_nll": 4.09097146987915, "validation_ppl": 59.79795540852294, "learning_rate": 0.00027640291316871575, "tokens_per_second": 146558.6264238586}
2026-07-16T11:25:17+08:00
   01:03:27  126  3.2 25674256
36 %, 4465 MiB
{"step": 15100, "elapsed_seconds": 3376.7249482274055, "train_nll": 4.0384910106658936, "train_ppl": 56.74065712592676, "validation_nll": 4.057013660669327, "validation_ppl": 57.80143837037635, "learning_rate": 0.00026629371113599126, "tokens_per_second": 146531.5675947314}
2026-07-16T11:26:47+08:00
   01:04:57  126  3.2 25674256
48 %, 4465 MiB
{"step": 15500, "elapsed_seconds": 3465.7280761301517, "train_nll": 3.4394590854644775, "train_ppl": 31.170093250968165, "validation_nll": 4.040791243314743, "validation_ppl": 56.87132406252785, "learning_rate": 0.0002561776261585285, "tokens_per_second": 146550.44736433218}
2026-07-16T11:28:17+08:00
   01:06:27  125  3.2 25674256
37 %, 4465 MiB
{"step": 15900, "elapsed_seconds": 3553.6643717959523, "train_nll": 4.055281400680542, "train_ppl": 57.70139792444017, "validation_nll": 4.075480490922928, "validation_ppl": 58.878764504618395, "learning_rate": 0.0002460730118882982, "tokens_per_second": 146612.38245656024}
monitor stopped: training process exited
